
> signvista-frontend@0.0.1 build
> next build

node.exe :  ΓÜá 
Warning: Next.js 
inferred your 
workspace root, but 
it may not be correct.
At line:1 char:1
+ & "C:\Program Files\
nodejs/node.exe" 
"C:\Program 
Files\nodejs/node_mo 
...
+ ~~~~~~~~~~~~~~~~~~~~
~~~~~~~~~~~~~~~~~~~~~~
~~~~~~~~~~~~~~~~~~~~~~
~~~~~
    + CategoryInfo    
          : NotSpeci  
  fied: ( ΓÜá Warni   
 ng: N...not be co    
rrect.:String) []    
, RemoteException
    + FullyQualifiedE 
   rrorId : NativeCo  
  mmandError
 
 We detected multiple 
lockfiles and 
selected the 
directory of 
C:\Users\Purvi Jain\Si
gnVista\package-lock.j
son as the root 
directory.
 To silence this 
warning, set `outputFi
leTracingRoot` in 
your Next.js config, 
or consider removing 
one of the lockfiles 
if it's not needed.
   See https://nextjs.
org/docs/app/api-refer
ence/config/next-confi
g-js/output#caveats 
for more information.
 Detected additional 
lockfiles: 
   * C:\Users\Purvi Ja
in\SignVista\frontend\
package-lock.json

   Γû▓ Next.js 15.5.12

   Creating an optimized production build ...
 Γ£ô Compiled successfully in 3.9s
   Linting and checking validity of types ...

Failed to compile.

./src/app/components/f
igma/ImageWithFallback
.tsx
21:9  Warning: Using 
`<img>` could result 
in slower LCP and 
higher bandwidth. 
Consider using 
`<Image />` from 
`next/image` or a 
custom image loader 
to automatically 
optimize images. This 
may incur additional 
usage or cost from 
your provider. See: ht
tps://nextjs.org/docs/
messages/no-img-elemen
t  @next/next/no-img-e
lement
25:5  Warning: Using 
`<img>` could result 
in slower LCP and 
higher bandwidth. 
Consider using 
`<Image />` from 
`next/image` or a 
custom image loader 
to automatically 
optimize images. This 
may incur additional 
usage or cost from 
your provider. See: ht
tps://nextjs.org/docs/
messages/no-img-elemen
t  @next/next/no-img-e
lement

./src/app/components/l
earn/RotatingQuote.tsx
54:21  Error: `"` can 
be escaped with 
`&quot;`, `&ldquo;`, 
`&#34;`, `&rdquo;`.  r
eact/no-unescaped-enti
ties
54:37  Error: `"` can 
be escaped with 
`&quot;`, `&ldquo;`, 
`&#34;`, `&rdquo;`.  r
eact/no-unescaped-enti
ties

./src/app/components/Q
uickAR.tsx
100:8  Warning: React 
Hook useEffect has a 
missing dependency: 
'captureAndProcess'. 
Either include it or 
remove the dependency 
array.  react-hooks/ex
haustive-deps

./src/app/dashboard/pa
ge.tsx
224:94  Error: `"` 
can be escaped with 
`&quot;`, `&ldquo;`, 
`&#34;`, `&rdquo;`.  r
eact/no-unescaped-enti
ties
224:101  Error: `"` 
can be escaped with 
`&quot;`, `&ldquo;`, 
`&#34;`, `&rdquo;`.  r
eact/no-unescaped-enti
ties

./src/app/game/page.ts
x
149:8  Warning: React 
Hook useEffect has a 
missing dependency: 
'processFrame'. 
Either include it or 
remove the dependency 
array.  react-hooks/ex
haustive-deps
180:32  Error: `'` 
can be escaped with 
`&apos;`, `&lsquo;`, 
`&#39;`, `&rsquo;`.  r
eact/no-unescaped-enti
ties

./src/app/not-found.ts
x
28:29  Error: `'` can 
be escaped with 
`&apos;`, `&lsquo;`, 
`&#39;`, `&rsquo;`.  r
eact/no-unescaped-enti
ties
28:50  Error: `'` can 
be escaped with 
`&apos;`, `&lsquo;`, 
`&#39;`, `&rsquo;`.  r
eact/no-unescaped-enti
ties

./src/app/page.tsx
68:21  Error: `"` can 
be escaped with 
`&quot;`, `&ldquo;`, 
`&#34;`, `&rdquo;`.  r
eact/no-unescaped-enti
ties
68:61  Error: `"` can 
be escaped with 
`&quot;`, `&ldquo;`, 
`&#34;`, `&rdquo;`.  r
eact/no-unescaped-enti
ties
164:17  Error: `"` 
can be escaped with 
`&quot;`, `&ldquo;`, 
`&#34;`, `&rdquo;`.  r
eact/no-unescaped-enti
ties
164:102  Error: `"` 
can be escaped with 
`&quot;`, `&ldquo;`, 
`&#34;`, `&rdquo;`.  r
eact/no-unescaped-enti
ties

./src/app/text/page.ts
x
185:53  Warning: 
Using `<img>` could 
result in slower LCP 
and higher bandwidth. 
Consider using 
`<Image />` from 
`next/image` or a 
custom image loader 
to automatically 
optimize images. This 
may incur additional 
usage or cost from 
your provider. See: ht
tps://nextjs.org/docs/
messages/no-img-elemen
t  @next/next/no-img-e
lement
193:124  Error: `"` 
can be escaped with 
`&quot;`, `&ldquo;`, 
`&#34;`, `&rdquo;`.  r
eact/no-unescaped-enti
ties
193:136  Error: `"` 
can be escaped with 
`&quot;`, `&ldquo;`, 
`&#34;`, `&rdquo;`.  r
eact/no-unescaped-enti
ties

./src/app/translate/pa
ge.tsx
134:8  Warning: React 
Hook useEffect has a 
missing dependency: 
'captureAndProcess'. 
Either include it or 
remove the dependency 
array.  react-hooks/ex
haustive-deps

./src/app/voice/page.t
sx
218:100  Error: `"` 
can be escaped with 
`&quot;`, `&ldquo;`, 
`&#34;`, `&rdquo;`.  r
eact/no-unescaped-enti
ties
218:113  Error: `"` 
can be escaped with 
`&quot;`, `&ldquo;`, 
`&#34;`, `&rdquo;`.  r
eact/no-unescaped-enti
ties
234:49  Warning: 
Using `<img>` could 
result in slower LCP 
and higher bandwidth. 
Consider using 
`<Image />` from 
`next/image` or a 
custom image loader 
to automatically 
optimize images. This 
may incur additional 
usage or cost from 
your provider. See: ht
tps://nextjs.org/docs/
messages/no-img-elemen
t  @next/next/no-img-e
lement
241:93  Error: `"` 
can be escaped with 
`&quot;`, `&ldquo;`, 
`&#34;`, `&rdquo;`.  r
eact/no-unescaped-enti
ties
241:105  Error: `"` 
can be escaped with 
`&quot;`, `&ldquo;`, 
`&#34;`, `&rdquo;`.  r
eact/no-unescaped-enti
ties

info  - Need to 
disable some ESLint 
rules? Learn more 
here: https://nextjs.o
rg/docs/app/api-refere
nce/config/eslint#disa
bling-rules
