============================= test session starts =============================
platform win32 -- Python 3.13.5, pytest-9.0.2, pluggy-1.6.0
rootdir: C:\Users\Admin\SignVista\backend
plugins: anyio-4.12.1
collected 18 items

tests\test_phase2.py ...............EE.                                  [100%]

=================================== ERRORS ====================================
__________ ERROR at setup of TestARLandmarks.test_ar_landmarks_valid __________
file C:\Users\Admin\SignVista\backend\tests\test_phase2.py, line 182
      def test_ar_landmarks_valid(self, client, fake_frame):
E       fixture 'fake_frame' not found
>       available fixtures: anyio_backend, anyio_backend_name, anyio_backend_options, cache, capfd, capfdbinary, caplog, capsys, capsysbinary, capteesys, client, doctest_namespace, free_tcp_port, free_tcp_port_factory, free_udp_port, free_udp_port_factory, monkeypatch, pytestconfig, record_property, record_testsuite_property, record_xml_attribute, recwarn, subtests, tmp_path, tmp_path_factory, tmpdir, tmpdir_factory
>       use 'pytest --fixtures [testpath]' for help on them.

C:\Users\Admin\SignVista\backend\tests\test_phase2.py:182
---------------------------- Captured stderr setup ----------------------------
16:40:42 | DEBUG   | asyncio | Using proactor: IocpProactor\n16:40:42 | INFO    | signvista | ============================================================\n16:40:42 | INFO    | signvista | \U0001f680 SignVista Backend starting...\n16:40:42 | INFO    | signvista |    Environment: development\n16:40:42 | INFO    | signvista |    CORS origins: ['http://localhost:3000', 'http://localhost:3001']\n16:40:42 | INFO    | signvista |    Model path: ml/models/weights/model.pth\n16:40:42 | INFO    | signvista |    Confidence threshold: 0.6\n16:40:42 | INFO    | signvista |    Buffer size: 45 frames\n16:40:42 | INFO    | signvista | ============================================================\n16:40:42 | WARNING | ml.inference | \u26a0\ufe0f PyTorch not installed \u2014 using MOCK predictions\n16:40:42 | WARNING | ml.inference |    Ishit: pip install torch torchvision when integrating real model\n16:40:42 | WARNING | signvista | \u26a0\ufe0f ML model NOT loaded \u2014 mock predictions active\n16:40:42 | WARNING | signvista |    Ishit: place model.pth in ml/models/weights/
----------------------------- Captured log setup ------------------------------
DEBUG    asyncio:proactor_events.py:631 Using proactor: IocpProactor\nINFO     signvista:main.py:37 ============================================================\nINFO     signvista:main.py:38 \U0001f680 SignVista Backend starting...\nINFO     signvista:main.py:39    Environment: development\nINFO     signvista:main.py:40    CORS origins: ['http://localhost:3000', 'http://localhost:3001']\nINFO     signvista:main.py:41    Model path: ml/models/weights/model.pth\nINFO     signvista:main.py:42    Confidence threshold: 0.6\nINFO     signvista:main.py:43    Buffer size: 45 frames\nINFO     signvista:main.py:44 ============================================================\nWARNING  ml.inference:inference.py:62 \u26a0\ufe0f PyTorch not installed \u2014 using MOCK predictions\nWARNING  ml.inference:inference.py:63    Ishit: pip install torch torchvision when integrating real model\nWARNING  signvista:main.py:52 \u26a0\ufe0f ML model NOT loaded \u2014 mock predictions active\nWARNING  signvista:main.py:53    Ishit: place model.pth in ml/models/weights/
_____ ERROR at setup of TestARLandmarks.test_ar_landmarks_missing_session _____
file C:\Users\Admin\SignVista\backend\tests\test_phase2.py, line 196
      def test_ar_landmarks_missing_session(self, client, fake_frame):
E       fixture 'fake_frame' not found
>       available fixtures: anyio_backend, anyio_backend_name, anyio_backend_options, cache, capfd, capfdbinary, caplog, capsys, capsysbinary, capteesys, client, doctest_namespace, free_tcp_port, free_tcp_port_factory, free_udp_port, free_udp_port_factory, monkeypatch, pytestconfig, record_property, record_testsuite_property, record_xml_attribute, recwarn, subtests, tmp_path, tmp_path_factory, tmpdir, tmpdir_factory
>       use 'pytest --fixtures [testpath]' for help on them.

C:\Users\Admin\SignVista\backend\tests\test_phase2.py:196
---------------------------- Captured stderr setup ----------------------------
16:40:42 | DEBUG   | asyncio | Using proactor: IocpProactor\n16:40:42 | INFO    | signvista | ============================================================\n16:40:42 | INFO    | signvista | \U0001f680 SignVista Backend starting...\n16:40:42 | INFO    | signvista |    Environment: development\n16:40:42 | INFO    | signvista |    CORS origins: ['http://localhost:3000', 'http://localhost:3001']\n16:40:42 | INFO    | signvista |    Model path: ml/models/weights/model.pth\n16:40:42 | INFO    | signvista |    Confidence threshold: 0.6\n16:40:42 | INFO    | signvista |    Buffer size: 45 frames\n16:40:42 | INFO    | signvista | ============================================================\n16:40:42 | WARNING | ml.inference | \u26a0\ufe0f PyTorch not installed \u2014 using MOCK predictions\n16:40:42 | WARNING | ml.inference |    Ishit: pip install torch torchvision when integrating real model\n16:40:42 | WARNING | signvista | \u26a0\ufe0f ML model NOT loaded \u2014 mock predictions active\n16:40:42 | WARNING | signvista |    Ishit: place model.pth in ml/models/weights/
----------------------------- Captured log setup ------------------------------
DEBUG    asyncio:proactor_events.py:631 Using proactor: IocpProactor\nINFO     signvista:main.py:37 ============================================================\nINFO     signvista:main.py:38 \U0001f680 SignVista Backend starting...\nINFO     signvista:main.py:39    Environment: development\nINFO     signvista:main.py:40    CORS origins: ['http://localhost:3000', 'http://localhost:3001']\nINFO     signvista:main.py:41    Model path: ml/models/weights/model.pth\nINFO     signvista:main.py:42    Confidence threshold: 0.6\nINFO     signvista:main.py:43    Buffer size: 45 frames\nINFO     signvista:main.py:44 ============================================================\nWARNING  ml.inference:inference.py:62 \u26a0\ufe0f PyTorch not installed \u2014 using MOCK predictions\nWARNING  ml.inference:inference.py:63    Ishit: pip install torch torchvision when integrating real model\nWARNING  signvista:main.py:52 \u26a0\ufe0f ML model NOT loaded \u2014 mock predictions active\nWARNING  signvista:main.py:53    Ishit: place model.pth in ml/models/weights/
=========================== short test summary info ===========================
ERROR tests/test_phase2.py::TestARLandmarks::test_ar_landmarks_valid
ERROR tests/test_phase2.py::TestARLandmarks::test_ar_landmarks_missing_session
======================== 16 passed, 2 errors in 0.27s =========================
